{"event": "start", "dry": false, "symbol": "XAUUSDm", "model": "/work/rl_gold/models_v4_export/finale/best_model/best_model.zip", "acct": {"login": 434226308, "server": "Exness-MT5Trial7", "balance": 133.63, "equity": 133.63, "currency": "USD", "trade_mode": 0}, "si": {"digits": 3, "point": 0.001, "trade_contract_size": 100.0, "volume_min": 0.01, "volume_step": 0.01, "volume_max": 200.0, "trade_stops_level": 0, "spread": 240, "ask": 4163.026, "bid": 4162.786, "filling_mode": 3}, "ts": "2026-09-29T18:33:31.297766+00:00"}
{"event": "decision", "eq": 133.63, "close": 4162.733, "atr": 5.37910567200938, "desired": 0, "sl_mult": 2.53, "tp_r": 4.72, "risk_frac": 0.0026, "close_now": false, "live_pos": null, "action": "stay_flat", "ts": "2026-09-29T18:35:03.627346+00:00"}
{"event": "decision", "eq": 133.63, "close": 4166.932, "atr": 5.28634302196783, "desired": 0, "sl_mult": 2.53, "tp_r": 0.78, "risk_frac": 0.0026, "close_now": false, "live_pos": null, "action": "stay_flat", "ts": "2026-09-29T18:37:39.162770+00:00"}
{"event": "decision", "eq": 133.63, "close": 4171.553, "atr": 5.657914450539274, "desired": 0, "sl_mult": 2.53, "tp_r": 0.78, "risk_frac": 0.0026, "close_now": false, "live_pos": null, "action": "stay_flat", "ts": "2026-09-29T18:39:53.753857+00:00"}
{"event": "decision", "eq": 133.63, "close": 4173.264, "atr": 5.934985879110696, "desired": 0, "sl_mult": 2.53, "tp_r": 0.78, "risk_frac": 0.0057, "close_now": false, "live_pos": null, "action": "stay_flat", "ts": "2026-09-29T18:42:07.149844+00:00"}
{"event": "decision", "eq": 133.63, "close": 4171.339, "atr": 5.750986887745674, "desired": 0, "sl_mult": 2.53, "tp_r": 0.78, "risk_frac": 0.0026, "close_now": true, "live_pos": null, "action": "stay_flat", "ts": "2026-09-29T18:44:11.693403+00:00"}
{"event": "decision", "eq": 133.63, "close": 4169.701, "atr": 5.876058316317051, "desired": 0, "sl_mult": 2.53, "tp_r": 0.78, "risk_frac": 0.0026, "close_now": true, "live_pos": null, "action": "stay_flat", "ts": "2026-09-29T18:46:16.792670+00:00"}
{"event": "decision", "eq": 133.63, "close": 4167.742, "atr": 5.669982722294404, "desired": 0, "sl_mult": 2.53, "tp_r": 1.91, "risk_frac": 0.0026, "close_now": true, "live_pos": null, "action": "stay_flat", "ts": "2026-09-29T18:48:22.458614+00:00"}
{"event": "decision", "eq": 133.63, "close": 4167.086, "atr": 5.780339865151552, "desired": 0, "sl_mult": 2.53, "tp_r": 1.91, "risk_frac": 0.0026, "close_now": true, "live_pos": null, "action": "stay_flat", "ts": "2026-09-29T18:50:47.694783+00:00"}
{"event": "decision", "eq": 133.63, "close": 4166.7, "atr": 5.568264568661132, "desired": 0, "sl_mult": 2.53, "tp_r": 0.78, "risk_frac": 0.0026, "close_now": false, "live_pos": null, "action": "stay_flat", "ts": "2026-09-29T18:53:09.161763+00:00"}
{"event": "decision", "eq": 133.63, "close": 4169.958, "atr": 5.874121711518286, "desired": 0, "sl_mult": 2.53, "tp_r": 0.78, "risk_frac": 0.0026, "close_now": false, "live_pos": null, "action": "stay_flat", "ts": "2026-09-29T18:55:13.875777+00:00"}
{"event": "decision", "eq": 133.63, "close": 4169.068, "atr": 5.527613017838418, "desired": 0, "sl_mult": 2.53, "tp_r": 0.78, "risk_frac": 0.0026, "close_now": false, "live_pos": null, "action": "stay_flat", "ts": "2026-09-29T18:57:20.212170+00:00"}
{"event": "decision", "eq": 133.63, "close": 4169.622, "atr": 5.560827303552649, "desired": 0, "sl_mult": 2.53, "tp_r": 0.78, "risk_frac": 0.0026, "close_now": false, "live_pos": null, "action": "stay_flat", "ts": "2026-09-29T18:59:23.037583+00:00"}
{"event": "decision", "eq": 133.63, "close": 4171.075, "atr": 5.75039873212411, "desired": 0, "sl_mult": 2.53, "tp_r": 0.78, "risk_frac": 0.0026, "close_now": false, "live_pos": null, "action": "stay_flat", "ts": "2026-09-29T19:01:26.273118+00:00"}
{"event": "decision", "eq": 133.63, "close": 4170.307, "atr": 5.436084536972414, "desired": 0, "sl_mult": 2.53, "tp_r": 0.78, "risk_frac": 0.0026, "close_now": false, "live_pos": null, "action": "stay_flat", "ts": "2026-09-29T19:03:29.396366+00:00"}
{"event": "decision", "eq": 133.63, "close": 4171.937, "atr": 5.510441679829504, "desired": 0, "sl_mult": 2.53, "tp_r": 0.78, "risk_frac": 0.0026, "close_now": false, "live_pos": null, "action": "stay_flat", "ts": "2026-09-29T19:06:11.731044+00:00"}
{"event": "decision", "eq": 133.63, "close": 4172.156, "atr": 5.335068294535636, "desired": 0, "sl_mult": 2.53, "tp_r": 0.78, "risk_frac": 0.0026, "close_now": false, "live_pos": null, "action": "stay_flat", "ts": "2026-09-29T19:09:25.682507+00:00"}
{"event": "decision", "eq": 133.63, "close": 4169.891, "atr": 5.456925437392788, "desired": 0, "sl_mult": 2.53, "tp_r": 1.91, "risk_frac": 0.0026, "close_now": true, "live_pos": null, "action": "stay_flat", "ts": "2026-09-29T19:11:46.493759+00:00"}
{"event": "decision", "eq": 133.63, "close": 4168.461, "atr": 5.23676749798719, "desired": 0, "sl_mult": 2.53, "tp_r": 1.34, "risk_frac": 0.0026, "close_now": false, "live_pos": null, "action": "stay_flat", "ts": "2026-09-29T19:13:51.836776+00:00"}
{"event": "decision", "eq": 133.63, "close": 4168.755, "atr": 5.266624640844309, "desired": 0, "sl_mult": 2.53, "tp_r": 1.34, "risk_frac": 0.0026, "close_now": false, "live_pos": null, "action": "stay_flat", "ts": "2026-09-29T19:16:11.858885+00:00"}
{"event": "decision", "eq": 133.63, "close": 4169.143, "atr": 4.991131044049279, "desired": 0, "sl_mult": 2.53, "tp_r": 1.34, "risk_frac": 0.0026, "close_now": false, "live_pos": null, "action": "stay_flat", "ts": "2026-09-29T19:18:43.251362+00:00"}
{"event": "decision", "eq": 133.63, "close": 4170.001, "atr": 5.0901310440493095, "desired": 0, "sl_mult": 2.53, "tp_r": 0.78, "risk_frac": 0.0026, "close_now": false, "live_pos": null, "action": "stay_flat", "ts": "2026-09-29T19:20:47.901990+00:00"}
{"event": "decision", "eq": 133.63, "close": 4171.313, "atr": 4.86523903069883, "desired": 0, "sl_mult": 2.53, "tp_r": 0.78, "risk_frac": 0.0026, "close_now": false, "live_pos": null, "action": "stay_flat", "ts": "2026-09-29T19:22:52.643781+00:00"}
{"event": "decision", "eq": 133.63, "close": 4169.455, "atr": 4.895239030698836, "desired": 0, "sl_mult": 2.53, "tp_r": 0.78, "risk_frac": 0.0057, "close_now": true, "live_pos": null, "action": "stay_flat", "ts": "2026-09-29T19:25:09.439150+00:00"}
{"event": "decision", "eq": 133.63, "close": 4169.582, "atr": 4.609813793812162, "desired": 0, "sl_mult": 2.53, "tp_r": 1.34, "risk_frac": 0.0026, "close_now": false, "live_pos": null, "action": "stay_flat", "ts": "2026-09-29T19:27:17.870753+00:00"}
{"event": "decision", "eq": 133.63, "close": 4170.222, "atr": 4.743599508097912, "desired": 0, "sl_mult": 2.53, "tp_r": 1.34, "risk_frac": 0.0026, "close_now": true, "live_pos": null, "action": "stay_flat", "ts": "2026-09-29T19:29:20.763695+00:00"}
{"event": "decision", "eq": 133.63, "close": 4170.787, "atr": 4.8185995080979245, "desired": 0, "sl_mult": 2.53, "tp_r": 0.78, "risk_frac": 0.0026, "close_now": true, "live_pos": null, "action": "stay_flat", "ts": "2026-09-29T19:31:23.936737+00:00"}
{"event": "decision", "eq": 133.63, "close": 4170.91, "atr": 4.5616281146623265, "desired": 0, "sl_mult": 1.91, "tp_r": 0.78, "risk_frac": 0.0026, "close_now": true, "live_pos": null, "action": "stay_flat", "ts": "2026-09-29T19:33:27.067982+00:00"}
{"event": "decision", "eq": 133.63, "close": 4170.354, "atr": 4.621842400376601, "desired": 0, "sl_mult": 2.53, "tp_r": 0.78, "risk_frac": 0.0026, "close_now": true, "live_pos": null, "action": "stay_flat", "ts": "2026-09-29T19:35:30.496209+00:00"}
{"event": "decision", "eq": 133.63, "close": 4171.892, "atr": 4.375726106472177, "desired": 0, "sl_mult": 1.91, "tp_r": 0.78, "risk_frac": 0.0026, "close_now": true, "live_pos": null, "action": "stay_flat", "ts": "2026-09-29T19:37:33.551359+00:00"}
{"event": "decision", "eq": 133.63, "close": 4171.866, "atr": 4.417297535043629, "desired": 0, "sl_mult": 2.53, "tp_r": 0.78, "risk_frac": 0.0057, "close_now": true, "live_pos": null, "action": "stay_flat", "ts": "2026-09-29T19:39:37.130270+00:00"}
{"event": "decision", "eq": 133.63, "close": 4171.058, "atr": 4.539226106472159, "desired": 0, "sl_mult": 2.53, "tp_r": 0.78, "risk_frac": 0.0057, "close_now": true, "live_pos": null, "action": "stay_flat", "ts": "2026-09-29T19:41:40.030819+00:00"}
{"event": "decision", "eq": 133.63, "close": 4170.807, "atr": 4.3568528131527104, "desired": 0, "sl_mult": 1.91, "tp_r": 0.78, "risk_frac": 0.0026, "close_now": true, "live_pos": null, "action": "stay_flat", "ts": "2026-09-29T19:43:43.097581+00:00"}
{"event": "decision", "eq": 133.63, "close": 4172.131, "atr": 4.393567098867005, "desired": 0, "sl_mult": 1.91, "tp_r": 0.78, "risk_frac": 0.0026, "close_now": true, "live_pos": null, "action": "stay_flat", "ts": "2026-09-29T19:45:47.434436+00:00"}
{"event": "decision", "eq": 133.63, "close": 4170.9, "atr": 4.175766387723443, "desired": 0, "sl_mult": 1.91, "tp_r": 0.78, "risk_frac": 0.0026, "close_now": true, "live_pos": null, "action": "stay_flat", "ts": "2026-09-29T19:47:50.661425+00:00"}
{"event": "decision", "eq": 133.63, "close": 4171.117, "atr": 4.202980673437751, "desired": 0, "sl_mult": 1.91, "tp_r": 0.78, "risk_frac": 0.0026, "close_now": true, "live_pos": null, "action": "stay_flat", "ts": "2026-09-29T19:49:54.636005+00:00"}
{"event": "decision", "eq": 133.63, "close": 4170.486, "atr": 4.204552102009175, "desired": 0, "sl_mult": 2.53, "tp_r": 0.78, "risk_frac": 0.0057, "close_now": true, "live_pos": null, "action": "stay_flat", "ts": "2026-09-29T19:51:58.133787+00:00"}
{"event": "decision", "eq": 133.63, "close": 4170.772, "atr": 4.034262666151373, "desired": 0, "sl_mult": 1.91, "tp_r": 0.78, "risk_frac": 0.0026, "close_now": false, "live_pos": null, "action": "stay_flat", "ts": "2026-09-29T19:54:01.022867+00:00"}
{"event": "decision", "eq": 133.63, "close": 4173.882, "atr": 4.276476951865697, "desired": 0, "sl_mult": 1.91, "tp_r": 0.78, "risk_frac": 0.0121, "close_now": true, "live_pos": null, "action": "stay_flat", "ts": "2026-09-29T19:56:04.387674+00:00"}
{"event": "decision", "eq": 133.63, "close": 4174.491, "atr": 4.0565857410181705, "desired": 0, "sl_mult": 1.91, "tp_r": 0.78, "risk_frac": 0.0057, "close_now": true, "live_pos": null, "action": "stay_flat", "ts": "2026-09-29T19:58:07.280004+00:00"}
{"event": "decision", "eq": 133.63, "close": 4174.52, "atr": 4.157800026732418, "desired": 0, "sl_mult": 1.91, "tp_r": 0.78, "risk_frac": 0.0026, "close_now": true, "live_pos": null, "action": "stay_flat", "ts": "2026-09-29T20:00:10.591595+00:00"}
{"event": "decision", "eq": 133.63, "close": 4177.102, "atr": 4.077043902373999, "desired": 1, "sl_mult": 1.91, "tp_r": 0.78, "risk_frac": 0.0121, "close_now": true, "live_pos": null, "action": "entry", "lot": 0.01, "units": 0.208, "risk_usd": 7.77, "risk_pct": 5.82, "entry_ref": 4177.272, "sl": 4169.500135061099, "tp": 4183.343769483516, "result": {"retcode": 10009, "order": 4798018910, "volume": 0.01, "price": 4173.9, "comment": "ok"}, "ts": "2026-09-29T20:02:13.660435+00:00"}
{"event": "decision", "eq": 134.16, "close": 4174.425, "atr": 4.273543902374014, "desired": 1, "sl_mult": 1.91, "tp_r": 0.78, "risk_frac": 0.0121, "close_now": true, "live_pos": "{'ticket': 4798018910, 'dir': 1, 'volume': 0.01, 'price_open': 4173.9, 'sl': 4169.5, 'tp': 4183.344, 'profit': 0.51}", "result": {"retcode": 10009, "order": 4798022066, "comment": "ok"}, "action": "model_close", "ts": "2026-09-29T20:04:14.740594+00:00"}
{"event": "decision", "eq": 134.14, "close": 4174.293, "atr": 4.273543902374014, "desired": 0, "sl_mult": 1.91, "tp_r": 1.34, "risk_frac": 0.0026, "close_now": true, "live_pos": null, "action": "stay_flat", "ts": "2026-09-29T20:06:15.802201+00:00"}
{"event": "decision", "eq": 134.14, "close": 4174.613, "atr": 4.078005052204446, "desired": 0, "sl_mult": 1.91, "tp_r": 0.78, "risk_frac": 0.0089, "close_now": true, "live_pos": null, "action": "stay_flat", "ts": "2026-09-29T20:08:18.700668+00:00"}
{"event": "decision", "eq": 134.14, "close": 4175.092, "atr": 4.096862195061598, "desired": 0, "sl_mult": 1.91, "tp_r": 0.78, "risk_frac": 0.0026, "close_now": true, "live_pos": null, "action": "stay_flat", "ts": "2026-09-29T20:10:22.708285+00:00"}
{"event": "decision", "eq": 134.14, "close": 4173.072, "atr": 3.958157752557175, "desired": 0, "sl_mult": 1.91, "tp_r": 0.78, "risk_frac": 0.0026, "close_now": false, "live_pos": null, "action": "stay_flat", "ts": "2026-09-29T20:12:32.200828+00:00"}
{"event": "decision", "eq": 134.14, "close": 4172.923, "atr": 4.034657752557169, "desired": 0, "sl_mult": 2.53, "tp_r": 0.78, "risk_frac": 0.0089, "close_now": false, "live_pos": null, "action": "stay_flat", "ts": "2026-09-29T20:16:15.322422+00:00"}
{"event": "decision", "eq": 134.14, "close": 4172.228, "atr": 3.8515342396194163, "desired": 0, "sl_mult": 1.91, "tp_r": 0.78, "risk_frac": 0.0026, "close_now": false, "live_pos": null, "action": "stay_flat", "ts": "2026-09-29T20:19:59.698241+00:00"}
{"event": "decision", "eq": 134.14, "close": 4173.055, "atr": 3.9808913824765373, "desired": 0, "sl_mult": 1.91, "tp_r": 0.78, "risk_frac": 0.0026, "close_now": false, "live_pos": null, "action": "stay_flat", "ts": "2026-09-29T20:23:38.582715+00:00"}
{"event": "decision", "eq": 134.14, "close": 4173.76, "atr": 3.860113426585354, "desired": 0, "sl_mult": 1.91, "tp_r": 0.78, "risk_frac": 0.0057, "close_now": true, "live_pos": null, "action": "stay_flat", "ts": "2026-09-29T20:27:59.759380+00:00"}
{"event": "decision", "eq": 134.14, "close": 4174.972, "atr": 3.695462467543564, "desired": 0, "sl_mult": 1.91, "tp_r": 0.78, "risk_frac": 0.0026, "close_now": true, "live_pos": null, "action": "stay_flat", "ts": "2026-09-29T20:32:27.367050+00:00"}
{"event": "decision", "eq": 134.14, "close": 4177.348, "atr": 3.7120569851680054, "desired": 1, "sl_mult": 1.91, "tp_r": 0.78, "risk_frac": 0.0121, "close_now": true, "live_pos": null, "action": "entry", "lot": 0.01, "units": 0.229, "risk_usd": 7.08, "risk_pct": 5.28, "entry_ref": 4177.518, "sl": 4170.441891372024, "tp": 4183.046209865607, "result": {"retcode": 10009, "order": 4798082357, "volume": 0.01, "price": 4179.037, "comment": "ok"}, "ts": "2026-09-29T20:36:44.185643+00:00"}
{"event": "decision", "eq": 133.92, "close": 4178.823, "atr": 3.6283029147988293, "desired": 1, "sl_mult": 1.91, "tp_r": 0.78, "risk_frac": 0.0121, "close_now": true, "live_pos": "{'ticket': 4798082357, 'dir': 1, 'volume': 0.01, 'price_open': 4179.037, 'sl': 4170.442, 'tp': 4183.046, 'profit': 2.73}", "result": {"retcode": 10009, "order": 4798095834, "comment": "ok"}, "action": "model_close", "ts": "2026-09-29T20:40:51.233507+00:00"}
{"event": "decision", "eq": 136.89, "close": 4182.29, "atr": 3.638720053537734, "desired": 1, "sl_mult": 1.91, "tp_r": 0.78, "risk_frac": 0.0121, "close_now": true, "live_pos": null, "action": "entry", "lot": 0.01, "units": 0.238, "risk_usd": 6.94, "risk_pct": 5.07, "entry_ref": 4182.46, "sl": 4175.523689897944, "tp": 4187.878992267231, "result": {"retcode": 10009, "order": 4798109787, "volume": 0.01, "price": 4184.3279999999995, "comment": "ok"}, "ts": "2026-09-29T20:44:50.899806+00:00"}
{"event": "decision", "eq": 135.74, "close": 4183.177, "atr": 3.8188629106805863, "desired": 1, "sl_mult": 1.91, "tp_r": 0.78, "risk_frac": 0.0121, "close_now": true, "live_pos": "{'ticket': 4798109787, 'dir': 1, 'volume': 0.01, 'price_open': 4184.3279999999995, 'sl': 4175.524, 'tp': 4187.879, 'profit': -1.88}", "result": {"retcode": 10009, "order": 4798119145, "comment": "ok"}, "action": "model_close", "ts": "2026-09-29T20:49:00.387152+00:00"}
{"event": "decision", "eq": 135.01, "close": 4182.001, "atr": 3.7035869884891106, "desired": 0, "sl_mult": 1.91, "tp_r": 3.59, "risk_frac": 0.0089, "close_now": true, "live_pos": null, "action": "stay_flat", "ts": "2026-09-29T20:52:55.732017+00:00"}
{"event": "decision", "eq": 135.01, "close": 4179.782, "atr": 3.72425934645417, "desired": 0, "sl_mult": 1.91, "tp_r": 2.47, "risk_frac": 0.0089, "close_now": true, "live_pos": null, "action": "stay_flat", "ts": "2026-09-29T20:57:00.050346+00:00"}
{"event": "decision", "eq": 135.01, "close": 4181.59, "atr": 3.513439801299338, "desired": 0, "sl_mult": 1.91, "tp_r": 1.34, "risk_frac": 0.0026, "close_now": false, "live_pos": null, "action": "stay_flat", "ts": "2026-09-29T21:01:22.246201+00:00"}
{"event": "decision", "eq": 135.01, "close": 4181.59, "atr": 3.513439801299338, "desired": 0, "sl_mult": 1.91, "tp_r": 1.34, "risk_frac": 0.0026, "close_now": false, "live_pos": null, "action": "stay_flat", "ts": "2026-09-29T21:05:16.086613+00:00"}
{"event": "decision", "eq": 135.01, "close": 4181.59, "atr": 3.513439801299338, "desired": 0, "sl_mult": 1.91, "tp_r": 1.34, "risk_frac": 0.0026, "close_now": false, "live_pos": null, "action": "stay_flat", "ts": "2026-09-29T21:09:12.517883+00:00"}
{"event": "decision", "eq": 135.01, "close": 4181.59, "atr": 3.513439801299338, "desired": 0, "sl_mult": 1.91, "tp_r": 1.34, "risk_frac": 0.0026, "close_now": false, "live_pos": null, "action": "stay_flat", "ts": "2026-09-29T21:13:08.537968+00:00"}
{"event": "decision", "eq": 135.01, "close": 4181.59, "atr": 3.513439801299338, "desired": 0, "sl_mult": 1.91, "tp_r": 1.34, "risk_frac": 0.0026, "close_now": false, "live_pos": null, "action": "stay_flat", "ts": "2026-09-29T21:17:07.527837+00:00"}
{"event": "decision", "eq": 135.01, "close": 4181.59, "atr": 3.513439801299338, "desired": 0, "sl_mult": 1.91, "tp_r": 1.34, "risk_frac": 0.0026, "close_now": false, "live_pos": null, "action": "stay_flat", "ts": "2026-09-29T21:20:58.911529+00:00"}
{"event": "decision", "eq": 135.01, "close": 4181.59, "atr": 3.513439801299338, "desired": 0, "sl_mult": 1.91, "tp_r": 1.34, "risk_frac": 0.0026, "close_now": false, "live_pos": null, "action": "stay_flat", "ts": "2026-09-29T21:25:01.773058+00:00"}
