H1 bars: 20686 2015-01-19 22:00:00+00:00 -> 2018-07-02 07:00:00+00:00
folds: 4
Device: cuda
Using cuda device
[   15,000] train=-11.62/dd12.9% val=-17.09/dd17.1% score= -34.22  (ineligible)
[   30,000] train=-12.04/dd13.2% val=-16.58/dd16.6% score= -33.20  (ineligible)
---------------------------------
| rollout/           |          |
|    ep_len_mean     | 1.02e+03 |
|    ep_rew_mean     | -17.2    |
| time/              |          |
|    fps             | 1791     |
|    iterations      | 1        |
|    time_elapsed    | 22       |
|    total_timesteps | 40960    |
---------------------------------
[   45,000] train=+16.02/dd 1.6% val=+22.37/dd 2.4% score= +14.39  ← BEST
[   60,000] train=+15.99/dd 1.6% val=+21.69/dd 2.6% score= +14.36
[   75,000] train=+15.99/dd 1.6% val=+21.91/dd 2.4% score= +14.36
-----------------------------------------
| rollout/                |             |
|    ep_len_mean          | 1.02e+03    |
|    ep_rew_mean          | -15.1       |
| time/                   |             |
|    fps                  | 272         |
|    iterations           | 2           |
|    time_elapsed         | 300         |
|    total_timesteps      | 81920       |
| train/                  |             |
|    approx_kl            | 0.001199421 |
|    clip_fraction        | 0.0108      |
|    clip_range           | 0.1         |
|    entropy_loss         | -3.58       |
|    explained_variance   | -0.00334    |
|    learning_rate        | 6e-05       |
|    loss                 | -0.0355     |
|    n_updates            | 5           |
|    policy_gradient_loss | -0.00153    |
|    value_loss           | 0.255       |
-----------------------------------------
[   90,000] train= +7.38/dd 1.7% val=+18.42/dd 2.4% score=  +5.66
[  105,000] train= +7.40/dd 1.7% val=+18.20/dd 2.4% score=  +5.68
[  120,000] train= +7.40/dd 1.7% val=+18.20/dd 2.4% score=  +5.68
------------------------------------------
| rollout/                |              |
|    ep_len_mean          | 1.02e+03     |
|    ep_rew_mean          | -12.4        |
| time/                   |              |
|    fps                  | 236          |
|    iterations           | 3            |
|    time_elapsed         | 518          |
|    total_timesteps      | 122880       |
| train/                  |              |
|    approx_kl            | 0.0018952085 |
|    clip_fraction        | 0.0603       |
|    clip_range           | 0.1          |
|    entropy_loss         | -3.58        |
|    explained_variance   | 0.0381       |
|    learning_rate        | 6e-05        |
|    loss                 | 0.0217       |
|    n_updates            | 10           |
|    policy_gradient_loss | -0.00307     |
|    value_loss           | 0.164        |
------------------------------------------
[  135,000] train=+14.11/dd 1.8% val=+23.51/dd 2.8% score= +12.36
[  150,000] train=+14.11/dd 1.8% val=+22.59/dd 3.0% score= +12.36
------------------------------------------
| rollout/                |              |
|    ep_len_mean          | 1.02e+03     |
|    ep_rew_mean          | -9.33        |
| time/                   |              |
|    fps                  | 210          |
|    iterations           | 4            |
|    time_elapsed         | 778          |
|    total_timesteps      | 163840       |
| train/                  |              |
|    approx_kl            | 0.0023118274 |
|    clip_fraction        | 0.0735       |
|    clip_range           | 0.1          |
|    entropy_loss         | -3.57        |
|    explained_variance   | 0.0656       |
|    learning_rate        | 6e-05        |
|    loss                 | -0.0579      |
|    n_updates            | 15           |
|    policy_gradient_loss | -0.00308     |
|    value_loss           | 0.177        |
------------------------------------------
[  165,000] train=+16.76/dd 1.7% val=+21.61/dd 2.9% score= +15.07  ← BEST
[  180,000] train=+17.99/dd 1.7% val=+21.45/dd 2.9% score= +16.30  ← BEST
[  195,000] train=+16.76/dd 1.7% val=+21.61/dd 2.9% score= +15.07
-----------------------------------------
| rollout/                |             |
|    ep_len_mean          | 1.02e+03    |
|    ep_rew_mean          | -4.97       |
| time/                   |             |
|    fps                  | 192         |
|    iterations           | 5           |
|    time_elapsed         | 1061        |
|    total_timesteps      | 204800      |
| train/                  |             |
|    approx_kl            | 0.002679283 |
|    clip_fraction        | 0.0914      |
|    clip_range           | 0.1         |
|    entropy_loss         | -3.56       |
|    explained_variance   | 0.0718      |
|    learning_rate        | 6e-05       |
|    loss                 | -0.0612     |
|    n_updates            | 20          |
|    policy_gradient_loss | -0.00405    |
|    value_loss           | 0.154       |
-----------------------------------------
[  210,000] train=+23.72/dd 2.1% val=+24.96/dd 2.9% score= +21.59  ← BEST
[  225,000] train=+24.19/dd 2.1% val=+25.18/dd 2.9% score= +22.05  ← BEST
[  240,000] train=+24.19/dd 2.1% val=+25.18/dd 2.9% score= +22.05
------------------------------------------
| rollout/                |              |
|    ep_len_mean          | 1.02e+03     |
|    ep_rew_mean          | -1.63        |
| time/                   |              |
|    fps                  | 184          |
|    iterations           | 6            |
|    time_elapsed         | 1333         |
|    total_timesteps      | 245760       |
| train/                  |              |
|    approx_kl            | 0.0027545549 |
|    clip_fraction        | 0.0826       |
|    clip_range           | 0.1          |
|    entropy_loss         | -3.54        |
|    explained_variance   | 0.0898       |
|    learning_rate        | 6e-05        |
|    loss                 | -0.0219      |
|    n_updates            | 25           |
|    policy_gradient_loss | -0.00402     |
|    value_loss           | 0.164        |
------------------------------------------
[  255,000] train=+25.16/dd 2.1% val=+27.69/dd 2.2% score= +23.05  ← BEST
[  270,000] train=+24.93/dd 2.1% val=+27.32/dd 2.5% score= +22.83
[  285,000] train=+25.16/dd 2.1% val=+27.32/dd 2.5% score= +23.05
------------------------------------------
| rollout/                |              |
|    ep_len_mean          | 1.02e+03     |
|    ep_rew_mean          | 2.1          |
| time/                   |              |
|    fps                  | 178          |
|    iterations           | 7            |
|    time_elapsed         | 1610         |
|    total_timesteps      | 286720       |
| train/                  |              |
|    approx_kl            | 0.0031856908 |
|    clip_fraction        | 0.0788       |
|    clip_range           | 0.1          |
|    entropy_loss         | -3.51        |
|    explained_variance   | 0.0802       |
|    learning_rate        | 6e-05        |
|    loss                 | -0.0337      |
|    n_updates            | 30           |
|    policy_gradient_loss | -0.00394     |
|    value_loss           | 0.162        |
------------------------------------------
[  300,000] train=+28.11/dd 1.9% val=+24.30/dd 2.9% score= +21.43
[  315,000] train=+28.33/dd 1.9% val=+24.88/dd 3.0% score= +21.92
------------------------------------------
| rollout/                |              |
|    ep_len_mean          | 1.02e+03     |
|    ep_rew_mean          | 4.46         |
| time/                   |              |
|    fps                  | 174          |
|    iterations           | 8            |
|    time_elapsed         | 1880         |
|    total_timesteps      | 327680       |
| train/                  |              |
|    approx_kl            | 0.0024433162 |
|    clip_fraction        | 0.0603       |
|    clip_range           | 0.1          |
|    entropy_loss         | -3.49        |
|    explained_variance   | 0.0978       |
|    learning_rate        | 6e-05        |
|    loss                 | -0.0389      |
|    n_updates            | 35           |
|    policy_gradient_loss | -0.00336     |
|    value_loss           | 0.161        |
------------------------------------------
fold 1 TEST ret=+26.86% PF=3.09 Sharpe=+7.52 DD=-1.52%
Device: cuda
Using cuda device
[   15,000] train=-16.67/dd18.8% val=-10.93/dd10.9% score= -35.42  (ineligible)
[   30,000] train=-16.39/dd18.5% val=-11.15/dd11.1% score= -34.85  (ineligible)
---------------------------------
| rollout/           |          |
|    ep_len_mean     | 1.02e+03 |
|    ep_rew_mean     | -12.7    |
| time/              |          |
|    fps             | 1840     |
|    iterations      | 1        |
|    time_elapsed    | 22       |
|    total_timesteps | 40960    |
---------------------------------
[   45,000] train=+14.40/dd 3.0% val=+19.85/dd 1.6% score= +11.40  ← BEST
[   60,000] train=+14.51/dd 3.0% val=+18.74/dd 1.7% score= +11.51  ← BEST
[   75,000] train=+16.06/dd 2.5% val=+18.82/dd 1.7% score= +13.52  ← BEST
-----------------------------------------
| rollout/                |             |
|    ep_len_mean          | 1.02e+03    |
|    ep_rew_mean          | -12         |
| time/                   |             |
|    fps                  | 274         |
|    iterations           | 2           |
|    time_elapsed         | 298         |
|    total_timesteps      | 81920       |
| train/                  |             |
|    approx_kl            | 0.001432746 |
|    clip_fraction        | 0.0129      |
|    clip_range           | 0.1         |
|    entropy_loss         | -3.58       |
|    explained_variance   | -0.0183     |
|    learning_rate        | 6e-05       |
|    loss                 | -0.00569    |
|    n_updates            | 5           |
|    policy_gradient_loss | -0.00141    |
|    value_loss           | 0.233       |
-----------------------------------------
[   90,000] train=+18.21/dd 1.5% val=+18.63/dd 2.2% score= +16.48  ← BEST
[  105,000] train=+18.41/dd 1.5% val=+18.62/dd 2.2% score= +16.47
[  120,000] train=+18.38/dd 1.5% val=+18.63/dd 2.2% score= +16.48
------------------------------------------
| rollout/                |              |
|    ep_len_mean          | 1.02e+03     |
|    ep_rew_mean          | -10.3        |
| time/                   |              |
|    fps                  | 237          |
|    iterations           | 3            |
|    time_elapsed         | 517          |
|    total_timesteps      | 122880       |
| train/                  |              |
|    approx_kl            | 0.0021256548 |
|    clip_fraction        | 0.065        |
|    clip_range           | 0.1          |
|    entropy_loss         | -3.58        |
|    explained_variance   | 0.0485       |
|    learning_rate        | 6e-05        |
|    loss                 | -0.0158      |
|    n_updates            | 10           |
|    policy_gradient_loss | -0.00314     |
|    value_loss           | 0.183        |
------------------------------------------
[  135,000] train=+22.40/dd 2.1% val=+24.53/dd 1.9% score= +20.26  ← BEST
[  150,000] train=+22.72/dd 2.1% val=+25.39/dd 1.8% score= +20.58  ← BEST
-----------------------------------------
| rollout/                |             |
|    ep_len_mean          | 1.02e+03    |
|    ep_rew_mean          | -6.93       |
| time/                   |             |
|    fps                  | 210         |
|    iterations           | 4           |
|    time_elapsed         | 777         |
|    total_timesteps      | 163840      |
| train/                  |             |
|    approx_kl            | 0.002353531 |
|    clip_fraction        | 0.0832      |
|    clip_range           | 0.1         |
|    entropy_loss         | -3.57       |
|    explained_variance   | 0.0751      |
|    learning_rate        | 6e-05       |
|    loss                 | -0.0291     |
|    n_updates            | 15          |
|    policy_gradient_loss | -0.00395    |
|    value_loss           | 0.176       |
-----------------------------------------
[  165,000] train=+21.81/dd 2.6% val=+21.84/dd 1.9% score= +19.24
[  180,000] train=+21.63/dd 2.6% val=+21.84/dd 1.9% score= +19.06
[  195,000] train=+21.63/dd 2.6% val=+21.84/dd 1.9% score= +19.06
------------------------------------------
| rollout/                |              |
|    ep_len_mean          | 1.02e+03     |
|    ep_rew_mean          | -4.88        |
| time/                   |              |
|    fps                  | 193          |
|    iterations           | 5            |
|    time_elapsed         | 1060         |
|    total_timesteps      | 204800       |
| train/                  |              |
|    approx_kl            | 0.0025738734 |
|    clip_fraction        | 0.0875       |
|    clip_range           | 0.1          |
|    entropy_loss         | -3.55        |
|    explained_variance   | 0.0706       |
|    learning_rate        | 6e-05        |
|    loss                 | -0.022       |
|    n_updates            | 20           |
|    policy_gradient_loss | -0.00379     |
|    value_loss           | 0.166        |
------------------------------------------
[  210,000] train=+22.76/dd 2.3% val=+20.36/dd 2.2% score= +18.19
[  225,000] train=+22.44/dd 2.3% val=+20.36/dd 2.2% score= +18.19
[  240,000] train=+22.76/dd 2.3% val=+20.32/dd 2.2% score= +18.14
------------------------------------------
| rollout/                |              |
|    ep_len_mean          | 1.02e+03     |
|    ep_rew_mean          | -0.478       |
| time/                   |              |
|    fps                  | 184          |
|    iterations           | 6            |
|    time_elapsed         | 1334         |
|    total_timesteps      | 245760       |
| train/                  |              |
|    approx_kl            | 0.0027798996 |
|    clip_fraction        | 0.076        |
|    clip_range           | 0.1          |
|    entropy_loss         | -3.53        |
|    explained_variance   | 0.0836       |
|    learning_rate        | 6e-05        |
|    loss                 | 0.015        |
|    n_updates            | 25           |
|    policy_gradient_loss | -0.00371     |
|    value_loss           | 0.147        |
------------------------------------------
[  255,000] train=+25.54/dd 2.3% val=+24.98/dd 1.8% score= +23.15  ← BEST
[  270,000] train=+25.28/dd 2.3% val=+24.76/dd 1.8% score= +22.92
[  285,000] train=+25.26/dd 2.6% val=+26.93/dd 1.4% score= +22.66
------------------------------------------
| rollout/                |              |
|    ep_len_mean          | 1.02e+03     |
|    ep_rew_mean          | 1.91         |
| time/                   |              |
|    fps                  | 177          |
|    iterations           | 7            |
|    time_elapsed         | 1612         |
|    total_timesteps      | 286720       |
| train/                  |              |
|    approx_kl            | 0.0029608584 |
|    clip_fraction        | 0.0703       |
|    clip_range           | 0.1          |
|    entropy_loss         | -3.51        |
|    explained_variance   | 0.0851       |
|    learning_rate        | 6e-05        |
|    loss                 | -0.0436      |
|    n_updates            | 30           |
|    policy_gradient_loss | -0.00346     |
|    value_loss           | 0.164        |
------------------------------------------
[  300,000] train=+29.33/dd 2.1% val=+21.86/dd 2.6% score= +19.28
[  315,000] train=+26.72/dd 2.1% val=+22.53/dd 2.2% score= +20.32
------------------------------------------
| rollout/                |              |
|    ep_len_mean          | 1.02e+03     |
|    ep_rew_mean          | 5.65         |
| time/                   |              |
|    fps                  | 173          |
|    iterations           | 8            |
|    time_elapsed         | 1884         |
|    total_timesteps      | 327680       |
| train/                  |              |
|    approx_kl            | 0.0029112282 |
|    clip_fraction        | 0.0776       |
|    clip_range           | 0.1          |
|    entropy_loss         | -3.48        |
|    explained_variance   | 0.0972       |
|    learning_rate        | 6e-05        |
|    loss                 | -0.0618      |
|    n_updates            | 35           |
|    policy_gradient_loss | -0.00441     |
|    value_loss           | 0.164        |
------------------------------------------
fold 2 TEST ret=+32.99% PF=3.70 Sharpe=+9.28 DD=-1.93%
Device: cuda
Using cuda device
[   15,000] train= -8.68/dd12.6% val= -9.46/dd10.3% score= -21.28  (ineligible)
[   30,000] train= -6.58/dd10.0% val= -8.42/dd 9.5% score= -17.89  (ineligible)
---------------------------------
| rollout/           |          |
|    ep_len_mean     | 1.02e+03 |
|    ep_rew_mean     | -15.3    |
| time/              |          |
|    fps             | 1836     |
|    iterations      | 1        |
|    time_elapsed    | 22       |
|    total_timesteps | 40960    |
---------------------------------
[   45,000] train=+25.15/dd 2.3% val=+34.17/dd 1.0% score= +22.89  ← BEST
[   60,000] train=+27.02/dd 2.3% val=+34.31/dd 1.3% score= +24.77  ← BEST
[   75,000] train=+27.71/dd 2.3% val=+34.31/dd 1.3% score= +25.45  ← BEST
------------------------------------------
| rollout/                |              |
|    ep_len_mean          | 1.02e+03     |
|    ep_rew_mean          | -13.5        |
| time/                   |              |
|    fps                  | 273          |
|    iterations           | 2            |
|    time_elapsed         | 299          |
|    total_timesteps      | 81920        |
| train/                  |              |
|    approx_kl            | 0.0014997734 |
|    clip_fraction        | 0.0152       |
|    clip_range           | 0.1          |
|    entropy_loss         | -3.58        |
|    explained_variance   | 0.000685     |
|    learning_rate        | 6e-05        |
|    loss                 | 0.0168       |
|    n_updates            | 5            |
|    policy_gradient_loss | -0.00171     |
|    value_loss           | 0.253        |
------------------------------------------
[   90,000] train=+18.78/dd 2.6% val=+36.88/dd 1.0% score= +16.15
[  105,000] train=+19.45/dd 2.6% val=+36.77/dd 1.0% score= +16.84
[  120,000] train=+18.88/dd 2.6% val=+36.77/dd 1.0% score= +16.25
------------------------------------------
| rollout/                |              |
|    ep_len_mean          | 1.02e+03     |
|    ep_rew_mean          | -11.6        |
| time/                   |              |
|    fps                  | 236          |
|    iterations           | 3            |
|    time_elapsed         | 518          |
|    total_timesteps      | 122880       |
| train/                  |              |
|    approx_kl            | 0.0022591613 |
|    clip_fraction        | 0.0695       |
|    clip_range           | 0.1          |
|    entropy_loss         | -3.58        |
|    explained_variance   | 0.0628       |
|    learning_rate        | 6e-05        |
|    loss                 | -0.0228      |
|    n_updates            | 10           |
|    policy_gradient_loss | -0.00333     |
|    value_loss           | 0.176        |
------------------------------------------
[  135,000] train=+21.48/dd 2.2% val=+37.73/dd 0.7% score= +19.31
[  150,000] train=+21.62/dd 2.2% val=+37.64/dd 0.8% score= +19.45
------------------------------------------
| rollout/                |              |
|    ep_len_mean          | 1.02e+03     |
|    ep_rew_mean          | -8.97        |
| time/                   |              |
|    fps                  | 210          |
|    iterations           | 4            |
|    time_elapsed         | 778          |
|    total_timesteps      | 163840       |
| train/                  |              |
|    approx_kl            | 0.0024008565 |
|    clip_fraction        | 0.0802       |
|    clip_range           | 0.1          |
|    entropy_loss         | -3.57        |
|    explained_variance   | 0.0802       |
|    learning_rate        | 6e-05        |
|    loss                 | -0.0341      |
|    n_updates            | 15           |
|    policy_gradient_loss | -0.00364     |
|    value_loss           | 0.189        |
------------------------------------------
[  165,000] train=+28.76/dd 2.4% val=+48.99/dd 1.5% score= +26.39  ← BEST
[  180,000] train=+29.73/dd 2.4% val=+49.00/dd 1.5% score= +27.36  ← BEST
[  195,000] train=+30.75/dd 2.2% val=+49.00/dd 1.5% score= +28.52  ← BEST
------------------------------------------
| rollout/                |              |
|    ep_len_mean          | 1.02e+03     |
|    ep_rew_mean          | -4.31        |
| time/                   |              |
|    fps                  | 192          |
|    iterations           | 5            |
|    time_elapsed         | 1061         |
|    total_timesteps      | 204800       |
| train/                  |              |
|    approx_kl            | 0.0026375733 |
|    clip_fraction        | 0.0763       |
|    clip_range           | 0.1          |
|    entropy_loss         | -3.55        |
|    explained_variance   | 0.0871       |
|    learning_rate        | 6e-05        |
|    loss                 | -0.00963     |
|    n_updates            | 20           |
|    policy_gradient_loss | -0.00355     |
|    value_loss           | 0.198        |
------------------------------------------
[  210,000] train=+35.81/dd 1.9% val=+43.91/dd 1.5% score= +33.88  ← BEST
[  225,000] train=+35.81/dd 1.9% val=+43.91/dd 1.5% score= +33.88
[  240,000] train=+35.81/dd 1.9% val=+43.91/dd 1.5% score= +33.88
------------------------------------------
| rollout/                |              |
|    ep_len_mean          | 1.02e+03     |
|    ep_rew_mean          | -1.98        |
| time/                   |              |
|    fps                  | 184          |
|    iterations           | 6            |
|    time_elapsed         | 1334         |
|    total_timesteps      | 245760       |
| train/                  |              |
|    approx_kl            | 0.0029051756 |
|    clip_fraction        | 0.079        |
|    clip_range           | 0.1          |
|    entropy_loss         | -3.53        |
|    explained_variance   | 0.0856       |
|    learning_rate        | 6e-05        |
|    loss                 | 0.0045       |
|    n_updates            | 25           |
|    policy_gradient_loss | -0.00386     |
|    value_loss           | 0.183        |
------------------------------------------
[  255,000] train=+35.93/dd 1.6% val=+43.97/dd 1.5% score= +34.33  ← BEST
[  270,000] train=+35.93/dd 1.6% val=+43.97/dd 1.5% score= +34.33
[  285,000] train=+36.03/dd 1.6% val=+43.97/dd 1.5% score= +34.44  ← BEST
-----------------------------------------
| rollout/                |             |
|    ep_len_mean          | 1.02e+03    |
|    ep_rew_mean          | 0.632       |
| time/                   |             |
|    fps                  | 177         |
|    iterations           | 7           |
|    time_elapsed         | 1612        |
|    total_timesteps      | 286720      |
| train/                  |             |
|    approx_kl            | 0.002855849 |
|    clip_fraction        | 0.0724      |
|    clip_range           | 0.1         |
|    entropy_loss         | -3.51       |
|    explained_variance   | 0.0815      |
|    learning_rate        | 6e-05       |
|    loss                 | -0.0138     |
|    n_updates            | 30          |
|    policy_gradient_loss | -0.00378    |
|    value_loss           | 0.192       |
-----------------------------------------
[  300,000] train=+35.87/dd 1.4% val=+57.44/dd 0.9% score= +34.45  ← BEST
[  315,000] train=+35.87/dd 1.4% val=+57.44/dd 0.9% score= +34.45
------------------------------------------
| rollout/                |              |
|    ep_len_mean          | 1.02e+03     |
|    ep_rew_mean          | 4.19         |
| time/                   |              |
|    fps                  | 174          |
|    iterations           | 8            |
|    time_elapsed         | 1883         |
|    total_timesteps      | 327680       |
| train/                  |              |
|    approx_kl            | 0.0027364555 |
|    clip_fraction        | 0.0773       |
|    clip_range           | 0.1          |
|    entropy_loss         | -3.48        |
|    explained_variance   | 0.109        |
|    learning_rate        | 6e-05        |
|    loss                 | 0.0234       |
|    n_updates            | 35           |
|    policy_gradient_loss | -0.00407     |
|    value_loss           | 0.164        |
------------------------------------------
fold 3 TEST ret=+24.29% PF=2.18 Sharpe=+7.96 DD=-1.68%
Device: cuda
Using cuda device
[   15,000] train=-10.31/dd15.1% val= -3.19/dd10.0% score= -25.36  (ineligible)
[   30,000] train= -8.97/dd14.3% val= -1.93/dd10.2% score= -23.24  (ineligible)
---------------------------------
| rollout/           |          |
|    ep_len_mean     | 1.02e+03 |
|    ep_rew_mean     | -13.2    |
| time/              |          |
|    fps             | 1805     |
|    iterations      | 1        |
|    time_elapsed    | 22       |
|    total_timesteps | 40960    |
---------------------------------
